---
source: crates/lsp/src/lib.rs
expression: help
---
Some(
    SignatureHelp {
        signatures: [
            SignatureInformation {
                label: "add(a:  Int, b:  Int) ->  Int",
                documentation: None,
                parameters: Some(
                    [
                        ParameterInformation {
                            label: Simple(
                                "a:  Int",
                            ),
                            documentation: None,
                        },
                        ParameterInformation {
                            label: Simple(
                                "b:  Int",
                            ),
                            documentation: None,
                        },
                    ],
                ),
                active_parameter: None,
            },
        ],
        active_signature: Some(
            0,
        ),
        active_parameter: Some(
            1,
        ),
    },
)
